WARNING 2026-02-03 01:01:30,356 services 99503 6125350912 Permission 'manage_members' does not exist for organization
WARNING 2026-02-03 01:01:30,356 services 99503 6125350912 Permission 'manage_subscription' does not exist for organization
WARNING 2026-02-03 01:01:30,357 services 99503 6125350912 Permission 'view_reports' does not exist for organization
WARNING 2026-02-03 01:01:30,357 services 99503 6125350912 Permission 'manage_products' does not exist for organization
WARNING 2026-02-03 01:01:30,357 services 99503 6125350912 Permission 'manage_inventory' does not exist for organization
WARNING 2026-02-03 01:01:30,357 services 99503 6125350912 Permission 'manage_sales' does not exist for organization
WARNING 2026-02-03 01:01:30,357 services 99503 6125350912 Permission 'manage_purchases' does not exist for organization
WARNING 2026-02-03 01:01:30,357 services 99503 6125350912 Permission 'manage_contacts' does not exist for organization
WARNING 2026-02-03 01:01:30,358 services 99503 6125350912 Permission 'manage_settings' does not exist for organization
WARNING 2026-02-03 01:02:41,962 services 1189 6125809664 Permission 'manage_members' does not exist for organization
WARNING 2026-02-03 01:02:41,963 services 1189 6125809664 Permission 'manage_subscription' does not exist for organization
WARNING 2026-02-03 01:02:41,963 services 1189 6125809664 Permission 'view_reports' does not exist for organization
WARNING 2026-02-03 01:02:41,963 services 1189 6125809664 Permission 'manage_products' does not exist for organization
WARNING 2026-02-03 01:02:41,963 services 1189 6125809664 Permission 'manage_inventory' does not exist for organization
WARNING 2026-02-03 01:02:41,963 services 1189 6125809664 Permission 'manage_sales' does not exist for organization
WARNING 2026-02-03 01:02:41,963 services 1189 6125809664 Permission 'manage_purchases' does not exist for organization
WARNING 2026-02-03 01:02:41,963 services 1189 6125809664 Permission 'manage_contacts' does not exist for organization
WARNING 2026-02-03 01:02:41,964 services 1189 6125809664 Permission 'manage_settings' does not exist for organization
WARNING 2026-02-03 01:03:06,693 services 1189 6125809664 Permission 'manage_members' does not exist for organization
WARNING 2026-02-03 01:03:06,694 services 1189 6125809664 Permission 'manage_subscription' does not exist for organization
WARNING 2026-02-03 01:03:06,694 services 1189 6125809664 Permission 'view_reports' does not exist for organization
WARNING 2026-02-03 01:03:06,694 services 1189 6125809664 Permission 'manage_products' does not exist for organization
WARNING 2026-02-03 01:03:06,694 services 1189 6125809664 Permission 'manage_inventory' does not exist for organization
WARNING 2026-02-03 01:03:06,695 services 1189 6125809664 Permission 'manage_sales' does not exist for organization
WARNING 2026-02-03 01:03:06,695 services 1189 6125809664 Permission 'manage_purchases' does not exist for organization
WARNING 2026-02-03 01:03:06,695 services 1189 6125809664 Permission 'manage_contacts' does not exist for organization
WARNING 2026-02-03 01:03:06,695 services 1189 6125809664 Permission 'manage_settings' does not exist for organization
WARNING 2026-02-03 01:03:59,103 services 1447 6123450368 Permission 'manage_members' does not exist for organization
WARNING 2026-02-03 01:03:59,103 services 1447 6123450368 Permission 'manage_subscription' does not exist for organization
WARNING 2026-02-03 01:03:59,103 services 1447 6123450368 Permission 'view_reports' does not exist for organization
WARNING 2026-02-03 01:03:59,103 services 1447 6123450368 Permission 'manage_products' does not exist for organization
WARNING 2026-02-03 01:03:59,103 services 1447 6123450368 Permission 'manage_inventory' does not exist for organization
WARNING 2026-02-03 01:03:59,103 services 1447 6123450368 Permission 'manage_sales' does not exist for organization
WARNING 2026-02-03 01:03:59,104 services 1447 6123450368 Permission 'manage_purchases' does not exist for organization
WARNING 2026-02-03 01:03:59,104 services 1447 6123450368 Permission 'manage_contacts' does not exist for organization
WARNING 2026-02-03 01:03:59,104 services 1447 6123450368 Permission 'manage_settings' does not exist for organization
WARNING 2026-02-03 07:08:13,486 services 1447 6123450368 Permission 'manage_members' does not exist for organization
WARNING 2026-02-03 07:08:13,486 services 1447 6123450368 Permission 'manage_subscription' does not exist for organization
WARNING 2026-02-03 07:08:13,486 services 1447 6123450368 Permission 'view_reports' does not exist for organization
WARNING 2026-02-03 07:08:13,487 services 1447 6123450368 Permission 'manage_products' does not exist for organization
WARNING 2026-02-03 07:08:13,487 services 1447 6123450368 Permission 'manage_inventory' does not exist for organization
WARNING 2026-02-03 07:08:13,487 services 1447 6123450368 Permission 'manage_sales' does not exist for organization
WARNING 2026-02-03 07:08:13,487 services 1447 6123450368 Permission 'manage_purchases' does not exist for organization
WARNING 2026-02-03 07:08:13,487 services 1447 6123450368 Permission 'manage_contacts' does not exist for organization
WARNING 2026-02-03 07:08:13,488 services 1447 6123450368 Permission 'manage_settings' does not exist for organization
WARNING 2026-02-03 09:33:22,135 services 1447 6140276736 Permission 'manage_members' does not exist for organization
WARNING 2026-02-03 09:33:22,136 services 1447 6140276736 Permission 'manage_subscription' does not exist for organization
WARNING 2026-02-03 09:33:22,136 services 1447 6140276736 Permission 'view_reports' does not exist for organization
WARNING 2026-02-03 09:33:22,136 services 1447 6140276736 Permission 'manage_products' does not exist for organization
WARNING 2026-02-03 09:33:22,137 services 1447 6140276736 Permission 'manage_inventory' does not exist for organization
WARNING 2026-02-03 09:33:22,137 services 1447 6140276736 Permission 'manage_sales' does not exist for organization
WARNING 2026-02-03 09:33:22,137 services 1447 6140276736 Permission 'manage_purchases' does not exist for organization
WARNING 2026-02-03 09:33:22,137 services 1447 6140276736 Permission 'manage_contacts' does not exist for organization
WARNING 2026-02-03 09:33:22,137 services 1447 6140276736 Permission 'manage_settings' does not exist for organization
WARNING 2026-02-03 09:34:24,586 services 1447 6140276736 Permission 'manage_members' does not exist for organization
WARNING 2026-02-03 09:34:24,587 services 1447 6140276736 Permission 'manage_subscription' does not exist for organization
WARNING 2026-02-03 09:34:24,587 services 1447 6140276736 Permission 'view_reports' does not exist for organization
WARNING 2026-02-03 09:34:24,587 services 1447 6140276736 Permission 'manage_products' does not exist for organization
WARNING 2026-02-03 09:34:24,587 services 1447 6140276736 Permission 'manage_inventory' does not exist for organization
WARNING 2026-02-03 09:34:24,587 services 1447 6140276736 Permission 'manage_sales' does not exist for organization
WARNING 2026-02-03 09:34:24,588 services 1447 6140276736 Permission 'manage_purchases' does not exist for organization
WARNING 2026-02-03 09:34:24,588 services 1447 6140276736 Permission 'manage_contacts' does not exist for organization
WARNING 2026-02-03 09:34:24,588 services 1447 6140276736 Permission 'manage_settings' does not exist for organization
WARNING 2026-02-03 10:28:11,810 services 25283 6162460672 Permission 'manage_members' does not exist for organization
WARNING 2026-02-03 10:28:11,811 services 25283 6162460672 Permission 'manage_subscription' does not exist for organization
WARNING 2026-02-03 10:28:11,811 services 25283 6162460672 Permission 'view_reports' does not exist for organization
WARNING 2026-02-03 10:28:11,811 services 25283 6162460672 Permission 'manage_products' does not exist for organization
WARNING 2026-02-03 10:28:11,811 services 25283 6162460672 Permission 'manage_inventory' does not exist for organization
WARNING 2026-02-03 10:28:11,811 services 25283 6162460672 Permission 'manage_sales' does not exist for organization
WARNING 2026-02-03 10:28:11,812 services 25283 6162460672 Permission 'manage_purchases' does not exist for organization
WARNING 2026-02-03 10:28:11,812 services 25283 6162460672 Permission 'manage_contacts' does not exist for organization
WARNING 2026-02-03 10:28:11,812 services 25283 6162460672 Permission 'manage_settings' does not exist for organization
WARNING 2026-02-03 17:00:38,650 services 53828 6130823168 Permission 'manage_members' does not exist for organization
WARNING 2026-02-03 17:00:38,651 services 53828 6130823168 Permission 'manage_subscription' does not exist for organization
WARNING 2026-02-03 17:00:38,652 services 53828 6130823168 Permission 'view_reports' does not exist for organization
WARNING 2026-02-03 17:00:38,652 services 53828 6130823168 Permission 'manage_products' does not exist for organization
WARNING 2026-02-03 17:00:38,652 services 53828 6130823168 Permission 'manage_inventory' does not exist for organization
WARNING 2026-02-03 17:00:38,652 services 53828 6130823168 Permission 'manage_sales' does not exist for organization
WARNING 2026-02-03 17:00:38,652 services 53828 6130823168 Permission 'manage_purchases' does not exist for organization
WARNING 2026-02-03 17:00:38,652 services 53828 6130823168 Permission 'manage_contacts' does not exist for organization
WARNING 2026-02-03 17:00:38,653 services 53828 6130823168 Permission 'manage_settings' does not exist for organization
WARNING 2026-02-10 15:36:33,313 services 88629 6163361792 Permission 'manage_members' does not exist for organization
WARNING 2026-02-10 15:36:33,314 services 88629 6163361792 Permission 'manage_subscription' does not exist for organization
WARNING 2026-02-10 15:36:33,314 services 88629 6163361792 Permission 'view_reports' does not exist for organization
WARNING 2026-02-10 15:36:33,314 services 88629 6163361792 Permission 'manage_products' does not exist for organization
WARNING 2026-02-10 15:36:33,314 services 88629 6163361792 Permission 'manage_inventory' does not exist for organization
WARNING 2026-02-10 15:36:33,314 services 88629 6163361792 Permission 'manage_sales' does not exist for organization
WARNING 2026-02-10 15:36:33,314 services 88629 6163361792 Permission 'manage_purchases' does not exist for organization
WARNING 2026-02-10 15:36:33,315 services 88629 6163361792 Permission 'manage_contacts' does not exist for organization
WARNING 2026-02-10 15:36:33,315 services 88629 6163361792 Permission 'manage_settings' does not exist for organization
